// Jest Snapshot v1, https://goo.gl/fbAQLP

exports[`Testing Forgot Password Email Display Notifications 1`] = `
<DocumentFragment>
  <div>
    <div
      data-testid="sent"
      id="emailSent"
    >
      <p>
        An email has been sent to set up a new password.
      </p>
    </div>
  </div>
</DocumentFragment>
`;
